------------------------------------------------------------
Timing Analyzer Summary
------------------------------------------------------------

Type  : Slow 1100mV 85C Model Setup 'clk'
Slack : -2.400
TNS   : -92.034

Type  : Slow 1100mV 85C Model Hold 'clk'
Slack : 0.346
TNS   : 0.000

Type  : Slow 1100mV 85C Model Minimum Pulse Width 'clk'
Slack : -0.394
TNS   : -32.098

Type  : Slow 1100mV 0C Model Setup 'clk'
Slack : -2.394
TNS   : -90.281

Type  : Slow 1100mV 0C Model Hold 'clk'
Slack : 0.326
TNS   : 0.000

Type  : Slow 1100mV 0C Model Minimum Pulse Width 'clk'
Slack : -0.394
TNS   : -34.312

Type  : Fast 1100mV 85C Model Setup 'clk'
Slack : -0.734
TNS   : -24.804

Type  : Fast 1100mV 85C Model Hold 'clk'
Slack : 0.179
TNS   : 0.000

Type  : Fast 1100mV 85C Model Minimum Pulse Width 'clk'
Slack : -0.089
TNS   : -5.283

Type  : Fast 1100mV 0C Model Setup 'clk'
Slack : -0.611
TNS   : -18.958

Type  : Fast 1100mV 0C Model Hold 'clk'
Slack : 0.169
TNS   : 0.000

Type  : Fast 1100mV 0C Model Minimum Pulse Width 'clk'
Slack : -0.088
TNS   : -5.249

------------------------------------------------------------
