#-----------------------------------------------------------
# Vivado v2025.1 (64-bit)
# SW Build 6140274 on Thu May 22 00:12:29 MDT 2025
# IP Build 6138677 on Thu May 22 03:10:11 MDT 2025
# SharedData Build 6139179 on Tue May 20 17:58:58 MDT 2025
# Start of session at: Thu Nov 13 15:48:04 2025
# Process ID         : 16484
# Current directory  : D:/Career tracks/Digial_IC/07-IcDesign_Projects/UART/UART_vivado/UART/UART.runs/impl_1
# Command line       : vivado.exe -log uart_rx.vdi -applog -product Vivado -messageDb vivado.pb -mode batch -source uart_rx.tcl -notrace
# Log file           : D:/Career tracks/Digial_IC/07-IcDesign_Projects/UART/UART_vivado/UART/UART.runs/impl_1/uart_rx.vdi
# Journal file       : D:/Career tracks/Digial_IC/07-IcDesign_Projects/UART/UART_vivado/UART/UART.runs/impl_1\vivado.jou
# Running On         : MohamedAyman
# Platform           : Windows Server 2016 or Windows 10
# Operating System   : 26200
# Processor Detail   : AMD Ryzen 7 5800H with Radeon Graphics         
# CPU Frequency      : 3194 MHz
# CPU Physical cores : 8
# CPU Logical cores  : 16
# Host memory        : 14877 MB
# Swap memory        : 3758 MB
# Total Virtual      : 18635 MB
# Available Virtual  : 2743 MB
#-----------------------------------------------------------
source uart_rx.tcl -notrace
