------------------------------------------------------------
Timing Analyzer Summary
------------------------------------------------------------

Type  : Slow 1100mV 85C Model Setup 'clk'
Slack : -2.151
TNS   : -62.971

Type  : Slow 1100mV 85C Model Hold 'clk'
Slack : 0.368
TNS   : 0.000

Type  : Slow 1100mV 85C Model Minimum Pulse Width 'clk'
Slack : -0.394
TNS   : -21.008

Type  : Slow 1100mV 0C Model Setup 'clk'
Slack : -2.123
TNS   : -61.515

Type  : Slow 1100mV 0C Model Hold 'clk'
Slack : 0.384
TNS   : 0.000

Type  : Slow 1100mV 0C Model Minimum Pulse Width 'clk'
Slack : -0.394
TNS   : -22.372

Type  : Fast 1100mV 85C Model Setup 'clk'
Slack : -0.664
TNS   : -18.003

Type  : Fast 1100mV 85C Model Hold 'clk'
Slack : 0.182
TNS   : 0.000

Type  : Fast 1100mV 85C Model Minimum Pulse Width 'clk'
Slack : -0.092
TNS   : -3.528

Type  : Fast 1100mV 0C Model Setup 'clk'
Slack : -0.546
TNS   : -14.254

Type  : Fast 1100mV 0C Model Hold 'clk'
Slack : 0.171
TNS   : 0.000

Type  : Fast 1100mV 0C Model Minimum Pulse Width 'clk'
Slack : -0.090
TNS   : -3.459

------------------------------------------------------------
